C:\Users\Dexter\Git\add_mcu\EDK\IVK_HW\t01_hello\implementation\system.ngc 1426878090
C:/Users/Dexter/Git/add_mcu/EDK/IVK_HW/t01_hello/implementation/push_buttons_3bit_wrapper.ngc 1426878007
C:/Users/Dexter/Git/add_mcu/EDK/IVK_HW/t01_hello/implementation/rs232_usb_wrapper.ngc 1426877982
C:/Users/Dexter/Git/add_mcu/EDK/IVK_HW/t01_hello/implementation/clock_generator_0_wrapper.ngc 1426878073
C:/Users/Dexter/Git/add_mcu/EDK/IVK_HW/t01_hello/implementation/proc_sys_reset_0_wrapper.ngc 1426878045
C:/Users/Dexter/Git/add_mcu/EDK/IVK_HW/t01_hello/implementation/microblaze_0_wrapper.ngc 1426878053
C:/Users/Dexter/Git/add_mcu/EDK/IVK_HW/t01_hello/implementation/mb_plb_wrapper.ngc 1426877931
C:/Users/Dexter/Git/add_mcu/EDK/IVK_HW/t01_hello/implementation/ilmb_wrapper.ngc 1426878062
C:/Users/Dexter/Git/add_mcu/EDK/IVK_HW/t01_hello/implementation/dlmb_wrapper.ngc 1426878068
C:/Users/Dexter/Git/add_mcu/EDK/IVK_HW/t01_hello/implementation/dlmb_cntlr_wrapper.ngc 1426877956
C:/Users/Dexter/Git/add_mcu/EDK/IVK_HW/t01_hello/implementation/ilmb_cntlr_wrapper.ngc 1426877965
C:/Users/Dexter/Git/add_mcu/EDK/IVK_HW/t01_hello/implementation/leds_8bit_wrapper.ngc 1426877993
C:/Users/Dexter/Git/add_mcu/EDK/IVK_HW/t01_hello/implementation/xps_timer_0_wrapper.ngc 1426878018
C:/Users/Dexter/Git/add_mcu/EDK/IVK_HW/t01_hello/implementation/mdm_0_wrapper.ngc 1426878038
C:/Users/Dexter/Git/add_mcu/EDK/IVK_HW/t01_hello/implementation/lmb_bram_wrapper.ngc 1426877972
OK
